------------------------------------------------------------
TimeQuest Timing Analyzer Summary
------------------------------------------------------------

Type  : Slow 1200mV 85C Model Setup 'sys_clk'
Slack : -8.033
TNS   : -5374.722

Type  : Slow 1200mV 85C Model Setup 'Cache:Unit2|CacheController:Unit1|send_block_out'
Slack : -6.491
TNS   : -339.873

Type  : Slow 1200mV 85C Model Setup 'sys_rst'
Slack : -4.047
TNS   : -1093.866

Type  : Slow 1200mV 85C Model Setup 'Cache:Unit2|CacheController:Unit1|replaceStatusOut'
Slack : -1.606
TNS   : -9.987

Type  : Slow 1200mV 85C Model Setup 'Cache:Unit2|MainMemory:Unit2|slowClock'
Slack : -0.998
TNS   : -13.230

Type  : Slow 1200mV 85C Model Setup 'CPU:Unit1|ctrl_unit:Unit0|controller:U0|IRld_ctrl'
Slack : -0.936
TNS   : -9.949

Type  : Slow 1200mV 85C Model Hold 'sys_rst'
Slack : -2.250
TNS   : -194.371

Type  : Slow 1200mV 85C Model Hold 'sys_clk'
Slack : -0.311
TNS   : -2.671

Type  : Slow 1200mV 85C Model Hold 'Cache:Unit2|CacheController:Unit1|replaceStatusOut'
Slack : -0.009
TNS   : -0.009

Type  : Slow 1200mV 85C Model Hold 'Cache:Unit2|MainMemory:Unit2|slowClock'
Slack : 0.065
TNS   : 0.000

Type  : Slow 1200mV 85C Model Hold 'CPU:Unit1|ctrl_unit:Unit0|controller:U0|IRld_ctrl'
Slack : 0.119
TNS   : 0.000

Type  : Slow 1200mV 85C Model Hold 'Cache:Unit2|CacheController:Unit1|send_block_out'
Slack : 0.965
TNS   : 0.000

Type  : Slow 1200mV 85C Model Recovery 'sys_clk'
Slack : -3.438
TNS   : -1598.674

Type  : Slow 1200mV 85C Model Recovery 'sys_rst'
Slack : 0.266
TNS   : 0.000

Type  : Slow 1200mV 85C Model Removal 'sys_rst'
Slack : -1.822
TNS   : -744.098

Type  : Slow 1200mV 85C Model Removal 'sys_clk'
Slack : -0.660
TNS   : -69.547

Type  : Slow 1200mV 85C Model Minimum Pulse Width 'sys_clk'
Slack : -3.000
TNS   : -1264.000

Type  : Slow 1200mV 85C Model Minimum Pulse Width 'sys_rst'
Slack : -3.000
TNS   : -3.000

Type  : Slow 1200mV 85C Model Minimum Pulse Width 'Cache:Unit2|MainMemory:Unit2|slowClock'
Slack : -2.174
TNS   : -69.568

Type  : Slow 1200mV 85C Model Minimum Pulse Width 'Cache:Unit2|CacheController:Unit1|send_block_out'
Slack : -1.000
TNS   : -64.000

Type  : Slow 1200mV 85C Model Minimum Pulse Width 'Cache:Unit2|CacheController:Unit1|replaceStatusOut'
Slack : 0.369
TNS   : 0.000

Type  : Slow 1200mV 85C Model Minimum Pulse Width 'CPU:Unit1|ctrl_unit:Unit0|controller:U0|IRld_ctrl'
Slack : 0.401
TNS   : 0.000

Type  : Slow 1200mV 0C Model Setup 'sys_clk'
Slack : -7.133
TNS   : -4711.066

Type  : Slow 1200mV 0C Model Setup 'Cache:Unit2|CacheController:Unit1|send_block_out'
Slack : -5.780
TNS   : -297.744

Type  : Slow 1200mV 0C Model Setup 'sys_rst'
Slack : -3.533
TNS   : -930.622

Type  : Slow 1200mV 0C Model Setup 'Cache:Unit2|CacheController:Unit1|replaceStatusOut'
Slack : -1.471
TNS   : -9.182

Type  : Slow 1200mV 0C Model Setup 'CPU:Unit1|ctrl_unit:Unit0|controller:U0|IRld_ctrl'
Slack : -0.862
TNS   : -9.083

Type  : Slow 1200mV 0C Model Setup 'Cache:Unit2|MainMemory:Unit2|slowClock'
Slack : -0.808
TNS   : -10.329

Type  : Slow 1200mV 0C Model Hold 'sys_rst'
Slack : -2.025
TNS   : -166.160

Type  : Slow 1200mV 0C Model Hold 'sys_clk'
Slack : -0.251
TNS   : -2.011

Type  : Slow 1200mV 0C Model Hold 'Cache:Unit2|CacheController:Unit1|replaceStatusOut'
Slack : 0.098
TNS   : 0.000

Type  : Slow 1200mV 0C Model Hold 'Cache:Unit2|MainMemory:Unit2|slowClock'
Slack : 0.120
TNS   : 0.000

Type  : Slow 1200mV 0C Model Hold 'CPU:Unit1|ctrl_unit:Unit0|controller:U0|IRld_ctrl'
Slack : 0.214
TNS   : 0.000

Type  : Slow 1200mV 0C Model Hold 'Cache:Unit2|CacheController:Unit1|send_block_out'
Slack : 0.841
TNS   : 0.000

Type  : Slow 1200mV 0C Model Recovery 'sys_clk'
Slack : -3.003
TNS   : -1388.476

Type  : Slow 1200mV 0C Model Recovery 'sys_rst'
Slack : 0.142
TNS   : 0.000

Type  : Slow 1200mV 0C Model Removal 'sys_rst'
Slack : -1.608
TNS   : -654.370

Type  : Slow 1200mV 0C Model Removal 'sys_clk'
Slack : -0.632
TNS   : -69.123

Type  : Slow 1200mV 0C Model Minimum Pulse Width 'sys_clk'
Slack : -3.000
TNS   : -1264.000

Type  : Slow 1200mV 0C Model Minimum Pulse Width 'sys_rst'
Slack : -3.000
TNS   : -3.000

Type  : Slow 1200mV 0C Model Minimum Pulse Width 'Cache:Unit2|MainMemory:Unit2|slowClock'
Slack : -2.174
TNS   : -69.568

Type  : Slow 1200mV 0C Model Minimum Pulse Width 'Cache:Unit2|CacheController:Unit1|send_block_out'
Slack : -1.000
TNS   : -64.000

Type  : Slow 1200mV 0C Model Minimum Pulse Width 'Cache:Unit2|CacheController:Unit1|replaceStatusOut'
Slack : 0.434
TNS   : 0.000

Type  : Slow 1200mV 0C Model Minimum Pulse Width 'CPU:Unit1|ctrl_unit:Unit0|controller:U0|IRld_ctrl'
Slack : 0.450
TNS   : 0.000

Type  : Fast 1200mV 0C Model Setup 'sys_clk'
Slack : -4.552
TNS   : -2843.311

Type  : Fast 1200mV 0C Model Setup 'Cache:Unit2|CacheController:Unit1|send_block_out'
Slack : -3.690
TNS   : -188.558

Type  : Fast 1200mV 0C Model Setup 'sys_rst'
Slack : -2.034
TNS   : -447.502

Type  : Fast 1200mV 0C Model Setup 'Cache:Unit2|CacheController:Unit1|replaceStatusOut'
Slack : -0.675
TNS   : -3.800

Type  : Fast 1200mV 0C Model Setup 'Cache:Unit2|MainMemory:Unit2|slowClock'
Slack : -0.477
TNS   : -4.379

Type  : Fast 1200mV 0C Model Setup 'CPU:Unit1|ctrl_unit:Unit0|controller:U0|IRld_ctrl'
Slack : -0.286
TNS   : -1.870

Type  : Fast 1200mV 0C Model Hold 'sys_rst'
Slack : -1.473
TNS   : -135.211

Type  : Fast 1200mV 0C Model Hold 'sys_clk'
Slack : -0.338
TNS   : -3.583

Type  : Fast 1200mV 0C Model Hold 'Cache:Unit2|MainMemory:Unit2|slowClock'
Slack : -0.066
TNS   : -0.193

Type  : Fast 1200mV 0C Model Hold 'Cache:Unit2|CacheController:Unit1|replaceStatusOut'
Slack : 0.131
TNS   : 0.000

Type  : Fast 1200mV 0C Model Hold 'CPU:Unit1|ctrl_unit:Unit0|controller:U0|IRld_ctrl'
Slack : 0.198
TNS   : 0.000

Type  : Fast 1200mV 0C Model Hold 'Cache:Unit2|CacheController:Unit1|send_block_out'
Slack : 0.441
TNS   : 0.000

Type  : Fast 1200mV 0C Model Recovery 'sys_clk'
Slack : -1.836
TNS   : -866.863

Type  : Fast 1200mV 0C Model Recovery 'sys_rst'
Slack : 0.234
TNS   : 0.000

Type  : Fast 1200mV 0C Model Removal 'sys_rst'
Slack : -1.083
TNS   : -438.504

Type  : Fast 1200mV 0C Model Removal 'sys_clk'
Slack : -0.422
TNS   : -45.675

Type  : Fast 1200mV 0C Model Minimum Pulse Width 'sys_clk'
Slack : -3.000
TNS   : -1295.994

Type  : Fast 1200mV 0C Model Minimum Pulse Width 'sys_rst'
Slack : -3.000
TNS   : -3.000

Type  : Fast 1200mV 0C Model Minimum Pulse Width 'Cache:Unit2|CacheController:Unit1|send_block_out'
Slack : -1.000
TNS   : -64.000

Type  : Fast 1200mV 0C Model Minimum Pulse Width 'Cache:Unit2|MainMemory:Unit2|slowClock'
Slack : -1.000
TNS   : -32.000

Type  : Fast 1200mV 0C Model Minimum Pulse Width 'Cache:Unit2|CacheController:Unit1|replaceStatusOut'
Slack : 0.360
TNS   : 0.000

Type  : Fast 1200mV 0C Model Minimum Pulse Width 'CPU:Unit1|ctrl_unit:Unit0|controller:U0|IRld_ctrl'
Slack : 0.396
TNS   : 0.000

------------------------------------------------------------
