------------------------------------------------------------
TimeQuest Timing Analyzer Summary
------------------------------------------------------------

Type  : Slow 1200mV 85C Model Setup 'sys_clk'
Slack : -9.632
TNS   : -6461.363

Type  : Slow 1200mV 85C Model Setup 'Cache:Unit2|CacheController:Unit1|send_block_out'
Slack : -8.113
TNS   : -433.544

Type  : Slow 1200mV 85C Model Setup 'sys_rst'
Slack : -4.309
TNS   : -1254.593

Type  : Slow 1200mV 85C Model Setup 'Cache:Unit2|MainMemory:Unit2|slowClock'
Slack : -1.678
TNS   : -20.520

Type  : Slow 1200mV 85C Model Setup 'Cache:Unit2|CacheController:Unit1|replaceStatusOut'
Slack : -1.636
TNS   : -14.609

Type  : Slow 1200mV 85C Model Setup 'CPU:Unit1|ctrl_unit:Unit0|controller:U0|IRld_ctrl'
Slack : -0.952
TNS   : -8.722

Type  : Slow 1200mV 85C Model Hold 'sys_rst'
Slack : -3.435
TNS   : -329.360

Type  : Slow 1200mV 85C Model Hold 'Cache:Unit2|CacheController:Unit1|replaceStatusOut'
Slack : -0.697
TNS   : -6.654

Type  : Slow 1200mV 85C Model Hold 'sys_clk'
Slack : -0.339
TNS   : -1.455

Type  : Slow 1200mV 85C Model Hold 'CPU:Unit1|ctrl_unit:Unit0|controller:U0|IRld_ctrl'
Slack : -0.097
TNS   : -0.528

Type  : Slow 1200mV 85C Model Hold 'Cache:Unit2|MainMemory:Unit2|slowClock'
Slack : 0.099
TNS   : 0.000

Type  : Slow 1200mV 85C Model Hold 'Cache:Unit2|CacheController:Unit1|send_block_out'
Slack : 0.875
TNS   : 0.000

Type  : Slow 1200mV 85C Model Recovery 'sys_clk'
Slack : -4.876
TNS   : -2318.449

Type  : Slow 1200mV 85C Model Recovery 'sys_rst'
Slack : -0.997
TNS   : -1.793

Type  : Slow 1200mV 85C Model Removal 'sys_rst'
Slack : -1.964
TNS   : -821.570

Type  : Slow 1200mV 85C Model Removal 'sys_clk'
Slack : -1.431
TNS   : -77.326

Type  : Slow 1200mV 85C Model Minimum Pulse Width 'sys_clk'
Slack : -3.000
TNS   : -1876.500

Type  : Slow 1200mV 85C Model Minimum Pulse Width 'sys_rst'
Slack : -3.000
TNS   : -3.000

Type  : Slow 1200mV 85C Model Minimum Pulse Width 'Cache:Unit2|MainMemory:Unit2|slowClock'
Slack : -2.693
TNS   : -86.176

Type  : Slow 1200mV 85C Model Minimum Pulse Width 'Cache:Unit2|CacheController:Unit1|send_block_out'
Slack : -1.500
TNS   : -96.000

Type  : Slow 1200mV 85C Model Minimum Pulse Width 'Cache:Unit2|CacheController:Unit1|replaceStatusOut'
Slack : 0.350
TNS   : 0.000

Type  : Slow 1200mV 85C Model Minimum Pulse Width 'CPU:Unit1|ctrl_unit:Unit0|controller:U0|IRld_ctrl'
Slack : 0.407
TNS   : 0.000

Type  : Slow 1200mV 0C Model Setup 'sys_clk'
Slack : -8.760
TNS   : -5803.379

Type  : Slow 1200mV 0C Model Setup 'Cache:Unit2|CacheController:Unit1|send_block_out'
Slack : -7.375
TNS   : -390.918

Type  : Slow 1200mV 0C Model Setup 'sys_rst'
Slack : -3.929
TNS   : -1110.906

Type  : Slow 1200mV 0C Model Setup 'Cache:Unit2|CacheController:Unit1|replaceStatusOut'
Slack : -1.535
TNS   : -13.763

Type  : Slow 1200mV 0C Model Setup 'Cache:Unit2|MainMemory:Unit2|slowClock'
Slack : -1.418
TNS   : -16.375

Type  : Slow 1200mV 0C Model Setup 'CPU:Unit1|ctrl_unit:Unit0|controller:U0|IRld_ctrl'
Slack : -0.926
TNS   : -8.597

Type  : Slow 1200mV 0C Model Hold 'sys_rst'
Slack : -3.079
TNS   : -291.521

Type  : Slow 1200mV 0C Model Hold 'Cache:Unit2|CacheController:Unit1|replaceStatusOut'
Slack : -0.512
TNS   : -4.861

Type  : Slow 1200mV 0C Model Hold 'sys_clk'
Slack : -0.307
TNS   : -0.604

Type  : Slow 1200mV 0C Model Hold 'CPU:Unit1|ctrl_unit:Unit0|controller:U0|IRld_ctrl'
Slack : 0.020
TNS   : 0.000

Type  : Slow 1200mV 0C Model Hold 'Cache:Unit2|MainMemory:Unit2|slowClock'
Slack : 0.212
TNS   : 0.000

Type  : Slow 1200mV 0C Model Hold 'Cache:Unit2|CacheController:Unit1|send_block_out'
Slack : 0.748
TNS   : 0.000

Type  : Slow 1200mV 0C Model Recovery 'sys_clk'
Slack : -4.313
TNS   : -2043.150

Type  : Slow 1200mV 0C Model Recovery 'sys_rst'
Slack : -1.122
TNS   : -2.568

Type  : Slow 1200mV 0C Model Removal 'sys_rst'
Slack : -1.746
TNS   : -730.479

Type  : Slow 1200mV 0C Model Removal 'sys_clk'
Slack : -1.318
TNS   : -76.675

Type  : Slow 1200mV 0C Model Minimum Pulse Width 'sys_clk'
Slack : -3.000
TNS   : -1876.500

Type  : Slow 1200mV 0C Model Minimum Pulse Width 'sys_rst'
Slack : -3.000
TNS   : -3.000

Type  : Slow 1200mV 0C Model Minimum Pulse Width 'Cache:Unit2|MainMemory:Unit2|slowClock'
Slack : -2.649
TNS   : -84.768

Type  : Slow 1200mV 0C Model Minimum Pulse Width 'Cache:Unit2|CacheController:Unit1|send_block_out'
Slack : -1.500
TNS   : -96.000

Type  : Slow 1200mV 0C Model Minimum Pulse Width 'Cache:Unit2|CacheController:Unit1|replaceStatusOut'
Slack : 0.231
TNS   : 0.000

Type  : Slow 1200mV 0C Model Minimum Pulse Width 'CPU:Unit1|ctrl_unit:Unit0|controller:U0|IRld_ctrl'
Slack : 0.339
TNS   : 0.000

Type  : Fast 1200mV 0C Model Setup 'sys_clk'
Slack : -4.841
TNS   : -2950.053

Type  : Fast 1200mV 0C Model Setup 'Cache:Unit2|CacheController:Unit1|send_block_out'
Slack : -4.156
TNS   : -213.114

Type  : Fast 1200mV 0C Model Setup 'sys_rst'
Slack : -1.716
TNS   : -406.615

Type  : Fast 1200mV 0C Model Setup 'Cache:Unit2|MainMemory:Unit2|slowClock'
Slack : -0.839
TNS   : -7.711

Type  : Fast 1200mV 0C Model Setup 'Cache:Unit2|CacheController:Unit1|replaceStatusOut'
Slack : -0.567
TNS   : -4.611

Type  : Fast 1200mV 0C Model Setup 'CPU:Unit1|ctrl_unit:Unit0|controller:U0|IRld_ctrl'
Slack : -0.123
TNS   : -0.233

Type  : Fast 1200mV 0C Model Hold 'sys_rst'
Slack : -2.026
TNS   : -228.256

Type  : Fast 1200mV 0C Model Hold 'sys_clk'
Slack : -0.343
TNS   : -4.513

Type  : Fast 1200mV 0C Model Hold 'Cache:Unit2|CacheController:Unit1|replaceStatusOut'
Slack : -0.342
TNS   : -3.162

Type  : Fast 1200mV 0C Model Hold 'Cache:Unit2|MainMemory:Unit2|slowClock'
Slack : -0.062
TNS   : -0.255

Type  : Fast 1200mV 0C Model Hold 'CPU:Unit1|ctrl_unit:Unit0|controller:U0|IRld_ctrl'
Slack : 0.051
TNS   : 0.000

Type  : Fast 1200mV 0C Model Hold 'Cache:Unit2|CacheController:Unit1|send_block_out'
Slack : 0.305
TNS   : 0.000

Type  : Fast 1200mV 0C Model Recovery 'sys_clk'
Slack : -2.276
TNS   : -1093.303

Type  : Fast 1200mV 0C Model Recovery 'sys_rst'
Slack : -0.330
TNS   : -0.405

Type  : Fast 1200mV 0C Model Removal 'sys_rst'
Slack : -1.011
TNS   : -428.167

Type  : Fast 1200mV 0C Model Removal 'sys_clk'
Slack : -0.850
TNS   : -42.735

Type  : Fast 1200mV 0C Model Minimum Pulse Width 'sys_clk'
Slack : -3.000
TNS   : -1283.641

Type  : Fast 1200mV 0C Model Minimum Pulse Width 'sys_rst'
Slack : -3.000
TNS   : -3.000

Type  : Fast 1200mV 0C Model Minimum Pulse Width 'Cache:Unit2|CacheController:Unit1|send_block_out'
Slack : -1.000
TNS   : -64.000

Type  : Fast 1200mV 0C Model Minimum Pulse Width 'Cache:Unit2|MainMemory:Unit2|slowClock'
Slack : -1.000
TNS   : -32.000

Type  : Fast 1200mV 0C Model Minimum Pulse Width 'Cache:Unit2|CacheController:Unit1|replaceStatusOut'
Slack : 0.301
TNS   : 0.000

Type  : Fast 1200mV 0C Model Minimum Pulse Width 'CPU:Unit1|ctrl_unit:Unit0|controller:U0|IRld_ctrl'
Slack : 0.387
TNS   : 0.000

------------------------------------------------------------
