------------------------------------------------------------
TimeQuest Timing Analyzer Summary
------------------------------------------------------------

Type  : Slow 1200mV 85C Model Setup 'sys_clk'
Slack : -1.378
TNS   : -15.757

Type  : Slow 1200mV 85C Model Hold 'sys_clk'
Slack : 0.401
TNS   : 0.000

Type  : Slow 1200mV 85C Model Recovery 'sys_clk'
Slack : -5.141
TNS   : -61.692

Type  : Slow 1200mV 85C Model Removal 'sys_clk'
Slack : 5.506
TNS   : 0.000

Type  : Slow 1200mV 85C Model Minimum Pulse Width 'sys_clk'
Slack : -3.000
TNS   : -37.695

Type  : Slow 1200mV 0C Model Setup 'sys_clk'
Slack : -1.131
TNS   : -12.382

Type  : Slow 1200mV 0C Model Hold 'sys_clk'
Slack : 0.353
TNS   : 0.000

Type  : Slow 1200mV 0C Model Recovery 'sys_clk'
Slack : -4.609
TNS   : -55.308

Type  : Slow 1200mV 0C Model Removal 'sys_clk'
Slack : 4.940
TNS   : 0.000

Type  : Slow 1200mV 0C Model Minimum Pulse Width 'sys_clk'
Slack : -3.000
TNS   : -37.695

Type  : Fast 1200mV 0C Model Setup 'sys_clk'
Slack : -0.163
TNS   : -0.558

Type  : Fast 1200mV 0C Model Hold 'sys_clk'
Slack : 0.181
TNS   : 0.000

Type  : Fast 1200mV 0C Model Recovery 'sys_clk'
Slack : -2.412
TNS   : -28.944

Type  : Fast 1200mV 0C Model Removal 'sys_clk'
Slack : 2.851
TNS   : 0.000

Type  : Fast 1200mV 0C Model Minimum Pulse Width 'sys_clk'
Slack : -3.000
TNS   : -37.897

------------------------------------------------------------
